// Jest Snapshot v1, https://goo.gl/fbAQLP

exports[`Help Matches snapshot 1`] = `
<div
  data-testid="help-page"
>
  Help
</div>
`;
