// Jest Snapshot v1, https://goo.gl/fbAQLP

exports[`Legal Matches snapshot 1`] = `
<div
  data-testid="legal-page"
>
  Legal
</div>
`;
